<html>
<body>
<pre>
<h1>µVision Build Log</h1>
<h2>Tool Versions:</h2>
IDE-Version: ¦ÌVision V5.27.1.0
Copyright (C) 2019 ARM Ltd and ARM Germany GmbH. All rights reserved.
License Information: LIYOU LIYOU, LIYOU, LIC=MPPLD-843XW-QDCKD-8FM98-4WUZV-SG211
 
Tool Versions:
Toolchain:       MDK-ARM Plus  Version: 5.27.1.0
Toolchain Path:  D:\36Keil_5_MDK\install\ARM\ARMCC\Bin
C Compiler:      Armcc.exe V5.06 update 6 (build 750)
Assembler:       Armasm.exe V5.06 update 6 (build 750)
Linker/Locator:  ArmLink.exe V5.06 update 6 (build 750)
Library Manager: ArmAr.exe V5.06 update 6 (build 750)
Hex Converter:   FromElf.exe V5.06 update 6 (build 750)
CPU DLL:         SARMCM3.DLL V5.27.1.0
Dialog DLL:      DARMSTM.DLL V1.68.0.0
Target DLL:      CMSIS_AGDI.dll V1.31.17.0
Dialog DLL:      TARMSTM.DLL V1.66.0.0
 
<h2>Project:</h2>
Z:\AIPROJECT\ARM_OS\arch\stm32\stm32f103\keil\liyou.uvprojx
Project File Date:  07/28/2023

<h2>Output:</h2>
*** Using Compiler 'V5.06 update 6 (build 750)', folder: 'D:\36Keil_5_MDK\install\ARM\ARMCC\Bin'
Build target 'liyou'
assembling context_rvds.S...
compiling main.c...
linking...
Program Size: Code=8448 RO-data=632 RW-data=52 ZI-data=3332  
FromELF: creating hex file...
After Build - User command #1: fromelf --bin -o "Z:\AIPROJECT\ARM_OS\arch\stm32\stm32f103\keil\OBJ\test.bin" "Z:\AIPROJECT\ARM_OS\arch\stm32\stm32f103\keil\OBJ\test.axf"
After Build - User command #2: fromelf  --text  -a -c  --output="Z:\AIPROJECT\ARM_OS\arch\stm32\stm32f103\keil\OBJ\test.dis"  "Z:\AIPROJECT\ARM_OS\arch\stm32\stm32f103\keil\OBJ\test.axf"
".\OBJ\test.axf" - 0 Error(s), 0 Warning(s).

<h2>Software Packages used:</h2>

Package Vendor: Keil
                http://www.keil.com/pack/Keil.STM32F1xx_DFP.1.0.5.pack
                Keil.STM32F1xx_DFP.1.0.5
                STMicroelectronics STM32F1 Series Device Support, Drivers and Examples

<h2>Collection of Component include folders:</h2>
  .\RTE\_liyou
  D:\36Keil_5_MDK\install\ARM\PACK\Keil\STM32F1xx_DFP\1.0.5\Device\Include

<h2>Collection of Component Files used:</h2>
Build Time Elapsed:  00:00:06
</pre>
</body>
</html>
